// Jest Snapshot v1, https://goo.gl/fbAQLP

exports[`Tests on <TODOList /> should render the component 1`] = `
<ul
  className="list-group list-group-flush"
>
  <TODOListItem
    handleDelete={[MockFunction]}
    handleToggle={[MockFunction]}
    index={0}
    todo={
      Object {
        "description": "Lorem ipsum",
        "done": false,
        "id": 1,
      }
    }
  />
  <TODOListItem
    handleDelete={[MockFunction]}
    handleToggle={[MockFunction]}
    index={1}
    todo={
      Object {
        "description": "Bacon ipsum",
        "done": false,
        "id": 2,
      }
    }
  />
</ul>
`;
