// Jest Snapshot v1, https://goo.gl/fbAQLP

exports[`Tests on <TODOListItem /> should render the component 1`] = `
<li
  className="list-group-item"
  key="1"
>
  <p
    className="false"
    onClick={[Function]}
  >
     
    2
    . 
    Lorem ipsum
     
  </p>
  <button
    className="btn btn-danger"
    onClick={[Function]}
  >
    Delete
  </button>
</li>
`;
